// Jest Snapshot v1, https://goo.gl/fbAQLP

exports['<Home /> should render the Home correctly 1'] = `
<main
  class=""
>
  <div
    data-testid="Navbar"
  />
  <div
    data-testid="Slider"
  />
  <div
    data-testid="GameList"
  />
  <div
    data-testid="GameList"
  />
</main>
`;
