// Jest Snapshot v1, https://goo.gl/fbAQLP

exports[
  '<Title /> should render the <Title /> component at its default size and center-aligned 1'
] = `
.c0 {
  color: #F4F4F5;
  font-size: 1.6rem;
  font-family: 'Inter',-apple-system,BlinkMacSystemFont,'Segoe UI',Roboto,Oxygen,Ubuntu,Cantarell,'Open Sans','Helvetica Neue',sans-serif;
  font-weight: 500;
  text-align: center;
}

@media (min-width:768px) {
  .c0 {
    font-size: 2.8rem;
  }
}

<h1
  class="c0"
>
  Bestsellers
</h1>
`;
