// Jest Snapshot v1, https://goo.gl/fbAQLP

exports['<Slider /> should render the Swiper correctly 1'] = `
.c5 {
  display: none;
}

.c6 {
  position: absolute;
  -webkit-inset: auto auto 3rem 3rem;
  -ms-inset: auto auto 3rem 3rem;
  inset: auto auto 3rem 3rem;
  display: -webkit-box;
  display: -webkit-flex;
  display: -ms-flexbox;
  display: flex;
  -webkit-flex-direction: column;
  -ms-flex-direction: column;
  flex-direction: column;
  -webkit-align-items: center;
  -webkit-box-align: center;
  -ms-flex-align: center;
  align-items: center;
  cursor: pointer;
  z-index: 10;
}

.c6 div {
  position: relative;
  width: 2rem;
  height: 4rem;
  border: 0.2rem solid #FFFFFF;
  border-radius: 5rem;
}

.c6 div:before {
  content: '';
  position: absolute;
  left: 50%;
  top: 0.6rem;
  width: 0.6rem;
  height: 0.6rem;
  margin-left: -0.3rem;
  background-color: #FFFFFF;
  border-radius: 100%;
  -webkit-animation: bPWYhV 2s infinite;
  animation: bPWYhV 2s infinite;
}

.c3 {
  max-width: 165.6rem;
  margin: 0 1.6rem;
}

.c1 {
  height: 100%;
  height: 100%;
}

.c2 {
  position: relative;
  height: 100%;
  height: 100%;
}

.c2 img {
  -webkit-mask-image: linear-gradient( 180deg, transparent 4%, #FFFFFF 56%, transparent 100% );
  mask-image: linear-gradient( 180deg, transparent 4%, #FFFFFF 56%, transparent 100% );
}

.c4 {
  position: absolute;
  inset: 0;
  height: 100%;
  display: -webkit-box;
  display: -webkit-flex;
  display: -ms-flexbox;
  display: flex;
  -webkit-flex-direction: column;
  -ms-flex-direction: column;
  flex-direction: column;
  -webkit-box-pack: start;
  -webkit-justify-content: flex-start;
  -ms-flex-pack: start;
  justify-content: flex-start;
  -webkit-align-items: flex-end;
  -webkit-box-align: flex-end;
  -ms-flex-align: flex-end;
  align-items: flex-end;
  padding-top: 12rem;
  z-index: 10;
}

.c0 {
  position: relative;
  width: 100%;
  height: 100vh;
}

.c0 .swiper {
  width: 100%;
  height: 100%;
}

.c0 .swiper-slide {
  background: #04040C;
}

.c0 .swiper-pagination {
  margin-bottom: 3rem;
}

.c0 .swiper-pagination span.swiper-pagination-bullet.swiper-pagination-bullet-active {
  background-color: #855aff;
  opacity: 1;
}

.c0 .swiper-pagination .swiper-pagination-bullet {
  background-color: #FFFFFF;
  opacity: 1;
}

@media (min-width:768px) {
  .c5 {
    display: block;
  }
}

@media (min-width:1170px) {
  .c3 {
    margin: 0 3.2rem;
  }
}

@media (min-width:1440px) {
  .c3 {
    margin: 0 4.8rem;
  }
}

@media (min-width:1656px) {
  .c3 {
    margin-left: auto;
    margin-right: auto;
  }
}

@media (min-width:768px) {
  .c4 {
    padding-top: 20rem;
  }
}

<section
  class="c0"
>
  <div
    data-testid="Swiper"
  >
    <div
      data-testid="Swiper-Slide"
    >
      <div
        data-testid="Swiper-Slide"
      >
        <div
          class="c1"
        >
          <div
            class="c2"
          >
            <span
              style="box-sizing: border-box; display: block; overflow: hidden; background: none; opacity: 1; border: 0px; margin: 0px; padding: 0px; position: absolute; top: 0px; left: 0px; bottom: 0px; right: 0px;"
            >
              <img
                alt="The Last Of Us"
                data-nimg="fill"
                decoding="async"
                src="data:image/gif;base64,R0lGODlhAQABAIAAAAAAAP///yH5BAEAAAAALAAAAAABAAEAAAIBRAA7"
                style="position: absolute; top: 0px; left: 0px; bottom: 0px; right: 0px; box-sizing: border-box; padding: 0px; margin: auto; display: block; width: 0px; height: 0px; min-width: 100%; max-width: 100%; min-height: 100%; max-height: 100%; object-fit: cover;"
              />
              <noscript />
            </span>
          </div>
          <div
            class="c3 c4"
          >
            <span
              style="box-sizing: border-box; display: inline-block; overflow: hidden; background: none; opacity: 1; border: 0px; margin: 0px; padding: 0px; position: relative; max-width: 100%;"
            >
              <span
                style="box-sizing: border-box; display: block; background: none; opacity: 1; border: 0px; margin: 0px; padding: 0px; max-width: 100%;"
              >
                <img
                  alt=""
                  aria-hidden="true"
                  src="data:image/svg+xml,%3csvg%20xmlns=%27http://www.w3.org/2000/svg%27%20version=%271.1%27%20width=%27768%27%20height=%27296%27/%3e"
                  style="display: block; max-width: 100%; background: none; opacity: 1; border: 0px; margin: 0px; padding: 0px;"
                />
              </span>
              <img
                alt="The Last Of Us Highlight"
                data-nimg="intrinsic"
                data-swiper-parallax="-300"
                decoding="async"
                src="data:image/gif;base64,R0lGODlhAQABAIAAAAAAAP///yH5BAEAAAAALAAAAAABAAEAAAIBRAA7"
                style="position: absolute; top: 0px; left: 0px; bottom: 0px; right: 0px; box-sizing: border-box; padding: 0px; margin: auto; display: block; width: 0px; height: 0px; min-width: 100%; max-width: 100%; min-height: 100%; max-height: 100%; object-fit: contain;"
              />
              <noscript />
            </span>
          </div>
        </div>
      </div>
      <div
        data-testid="Swiper-Slide"
      >
        <div
          class="c1"
        >
          <div
            class="c2"
          >
            <span
              style="box-sizing: border-box; display: block; overflow: hidden; background: none; opacity: 1; border: 0px; margin: 0px; padding: 0px; position: absolute; top: 0px; left: 0px; bottom: 0px; right: 0px;"
            >
              <img
                alt="God Of War"
                data-nimg="fill"
                decoding="async"
                src="data:image/gif;base64,R0lGODlhAQABAIAAAAAAAP///yH5BAEAAAAALAAAAAABAAEAAAIBRAA7"
                style="position: absolute; top: 0px; left: 0px; bottom: 0px; right: 0px; box-sizing: border-box; padding: 0px; margin: auto; display: block; width: 0px; height: 0px; min-width: 100%; max-width: 100%; min-height: 100%; max-height: 100%; object-fit: cover;"
              />
              <noscript />
            </span>
          </div>
          <div
            class="c3 c4"
          >
            <span
              style="box-sizing: border-box; display: inline-block; overflow: hidden; background: none; opacity: 1; border: 0px; margin: 0px; padding: 0px; position: relative; max-width: 100%;"
            >
              <span
                style="box-sizing: border-box; display: block; background: none; opacity: 1; border: 0px; margin: 0px; padding: 0px; max-width: 100%;"
              >
                <img
                  alt=""
                  aria-hidden="true"
                  src="data:image/svg+xml,%3csvg%20xmlns=%27http://www.w3.org/2000/svg%27%20version=%271.1%27%20width=%27768%27%20height=%27296%27/%3e"
                  style="display: block; max-width: 100%; background: none; opacity: 1; border: 0px; margin: 0px; padding: 0px;"
                />
              </span>
              <img
                alt="God Of War Highlight"
                data-nimg="intrinsic"
                data-swiper-parallax="-300"
                decoding="async"
                src="data:image/gif;base64,R0lGODlhAQABAIAAAAAAAP///yH5BAEAAAAALAAAAAABAAEAAAIBRAA7"
                style="position: absolute; top: 0px; left: 0px; bottom: 0px; right: 0px; box-sizing: border-box; padding: 0px; margin: auto; display: block; width: 0px; height: 0px; min-width: 100%; max-width: 100%; min-height: 100%; max-height: 100%; object-fit: contain;"
              />
              <noscript />
            </span>
          </div>
        </div>
      </div>
      <div
        data-testid="Swiper-Slide"
      >
        <div
          class="c1"
        >
          <div
            class="c2"
          >
            <span
              style="box-sizing: border-box; display: block; overflow: hidden; background: none; opacity: 1; border: 0px; margin: 0px; padding: 0px; position: absolute; top: 0px; left: 0px; bottom: 0px; right: 0px;"
            >
              <img
                alt="Resident Evil Village"
                data-nimg="fill"
                decoding="async"
                src="data:image/gif;base64,R0lGODlhAQABAIAAAAAAAP///yH5BAEAAAAALAAAAAABAAEAAAIBRAA7"
                style="position: absolute; top: 0px; left: 0px; bottom: 0px; right: 0px; box-sizing: border-box; padding: 0px; margin: auto; display: block; width: 0px; height: 0px; min-width: 100%; max-width: 100%; min-height: 100%; max-height: 100%; object-fit: cover;"
              />
              <noscript />
            </span>
          </div>
          <div
            class="c3 c4"
          >
            <span
              style="box-sizing: border-box; display: inline-block; overflow: hidden; background: none; opacity: 1; border: 0px; margin: 0px; padding: 0px; position: relative; max-width: 100%;"
            >
              <span
                style="box-sizing: border-box; display: block; background: none; opacity: 1; border: 0px; margin: 0px; padding: 0px; max-width: 100%;"
              >
                <img
                  alt=""
                  aria-hidden="true"
                  src="data:image/svg+xml,%3csvg%20xmlns=%27http://www.w3.org/2000/svg%27%20version=%271.1%27%20width=%27768%27%20height=%27296%27/%3e"
                  style="display: block; max-width: 100%; background: none; opacity: 1; border: 0px; margin: 0px; padding: 0px;"
                />
              </span>
              <img
                alt="Resident Evil Village Highlight"
                data-nimg="intrinsic"
                data-swiper-parallax="-300"
                decoding="async"
                src="data:image/gif;base64,R0lGODlhAQABAIAAAAAAAP///yH5BAEAAAAALAAAAAABAAEAAAIBRAA7"
                style="position: absolute; top: 0px; left: 0px; bottom: 0px; right: 0px; box-sizing: border-box; padding: 0px; margin: auto; display: block; width: 0px; height: 0px; min-width: 100%; max-width: 100%; min-height: 100%; max-height: 100%; object-fit: contain;"
              />
              <noscript />
            </span>
          </div>
        </div>
      </div>
      <div
        data-testid="Swiper-Slide"
      >
        <div
          class="c1"
        >
          <div
            class="c2"
          >
            <span
              style="box-sizing: border-box; display: block; overflow: hidden; background: none; opacity: 1; border: 0px; margin: 0px; padding: 0px; position: absolute; top: 0px; left: 0px; bottom: 0px; right: 0px;"
            >
              <img
                alt="Star Wars"
                data-nimg="fill"
                decoding="async"
                src="data:image/gif;base64,R0lGODlhAQABAIAAAAAAAP///yH5BAEAAAAALAAAAAABAAEAAAIBRAA7"
                style="position: absolute; top: 0px; left: 0px; bottom: 0px; right: 0px; box-sizing: border-box; padding: 0px; margin: auto; display: block; width: 0px; height: 0px; min-width: 100%; max-width: 100%; min-height: 100%; max-height: 100%; object-fit: cover;"
              />
              <noscript />
            </span>
          </div>
          <div
            class="c3 c4"
          >
            <span
              style="box-sizing: border-box; display: inline-block; overflow: hidden; background: none; opacity: 1; border: 0px; margin: 0px; padding: 0px; position: relative; max-width: 100%;"
            >
              <span
                style="box-sizing: border-box; display: block; background: none; opacity: 1; border: 0px; margin: 0px; padding: 0px; max-width: 100%;"
              >
                <img
                  alt=""
                  aria-hidden="true"
                  src="data:image/svg+xml,%3csvg%20xmlns=%27http://www.w3.org/2000/svg%27%20version=%271.1%27%20width=%27768%27%20height=%27296%27/%3e"
                  style="display: block; max-width: 100%; background: none; opacity: 1; border: 0px; margin: 0px; padding: 0px;"
                />
              </span>
              <img
                alt="Star Wars Highlight"
                data-nimg="intrinsic"
                data-swiper-parallax="-300"
                decoding="async"
                src="data:image/gif;base64,R0lGODlhAQABAIAAAAAAAP///yH5BAEAAAAALAAAAAABAAEAAAIBRAA7"
                style="position: absolute; top: 0px; left: 0px; bottom: 0px; right: 0px; box-sizing: border-box; padding: 0px; margin: auto; display: block; width: 0px; height: 0px; min-width: 100%; max-width: 100%; min-height: 100%; max-height: 100%; object-fit: contain;"
              />
              <noscript />
            </span>
          </div>
        </div>
      </div>
    </div>
  </div>
  <div
    class="c5"
  >
    <button
      aria-label="Scroll Button"
      class="c6"
    >
      <div />
    </button>
  </div>
</section>
`;
