// Jest Snapshot v1, https://goo.gl/fbAQLP

exports['<CloseButton /> should render correctly 1'] = `
.c0 {
  color: #855aff;
  padding: 0.5rem;
  -webkit-transition: color 0.3s linear;
  transition: color 0.3s linear;
  cursor: pointer;
  display: -webkit-box;
  display: -webkit-flex;
  display: -ms-flexbox;
  display: flex;
  gap: 0.5rem;
  font-size: 1.2rem;
  -webkit-align-items: center;
  -webkit-box-align: center;
  -ms-flex-align: center;
  align-items: center;
  position: absolute;
  top: 0.5rem;
  left: 2.1rem;
}

.c0 svg {
  cursor: pointer;
}

@media (min-width:768px) {
  .c0 {
    left: 0.5rem;
  }
}

<button
  aria-label="Close Action"
  class="c0"
  type="button"
>
  <svg
    fill="currentColor"
    height="20"
    viewBox="0 0 256 256"
    width="20"
    xmlns="http://www.w3.org/2000/svg"
  >
    <rect
      fill="none"
      height="256"
      width="256"
    />
    <line
      stroke="currentColor"
      stroke-linecap="round"
      stroke-linejoin="round"
      stroke-width="16"
      x1="200"
      x2="56"
      y1="56"
      y2="200"
    />
    <line
      stroke="currentColor"
      stroke-linecap="round"
      stroke-linejoin="round"
      stroke-width="16"
      x1="200"
      x2="56"
      y1="200"
      y2="56"
    />
  </svg>
</button>
`;
