// Jest Snapshot v1, https://goo.gl/fbAQLP

exports['<Container /> Deve renderizar o componente <Container /> 1'] = `
.c0 {
  max-width: 165.6rem;
  margin: 0 1.6rem;
}

@media (min-width:1170px) {
  .c0 {
    margin: 0 3.2rem;
  }
}

@media (min-width:1440px) {
  .c0 {
    margin: 0 4.8rem;
  }
}

@media (min-width:1656px) {
  .c0 {
    margin-left: auto;
    margin-right: auto;
  }
}

<div
  class="c0"
/>
`;
